{"level":30,"time":1732799607618,"pid":30320,"hostname":"TechieVivek","description":"Successfully creates a new chat","state":"PASS","result":{"status":true,"message":"Created New Chat"}}
{"level":30,"time":1732799607626,"pid":30320,"hostname":"TechieVivek","description":"Fails when the token is missing","state":"PASS","result":{"message":{}}}
{"level":30,"time":1732799607633,"pid":30320,"hostname":"TechieVivek","description":"Fails when the token is invalid","state":"PASS","result":{"message":{"name":"JsonWebTokenError","message":"jwt malformed"}}}
{"level":30,"time":1732799607637,"pid":30320,"hostname":"TechieVivek","description":"Fails when the payload is invalid","state":"PASS","result":{"errors":{"body":"Unrecognized key(s) in object: 'messsage'"}}}
{"level":30,"time":1732799607706,"pid":30320,"hostname":"TechieVivek","description":"Successfully retrieves a referral ID","state":"PASS","result":{"status":true,"message":"Created Referral Id","data":"legalWire9JTO8V85"}}
{"level":30,"time":1732799607711,"pid":30320,"hostname":"TechieVivek","description":"Fails when token is missing","state":"PASS","result":{"message":{"name":"JsonWebTokenError","message":"jwt malformed"}}}
{"level":30,"time":1732799607715,"pid":30320,"hostname":"TechieVivek","description":"Fails when token is invalid","state":"PASS","result":{"message":{"name":"JsonWebTokenError","message":"jwt malformed"}}}
{"level":30,"time":1732799608133,"pid":30320,"hostname":"TechieVivek","description":"Successfully retrieves responses and sources","state":"PASS","result":{"status":true,"message":"Answers and sources","data":{"question":"what is cyber crime section and laws?","createdAt":"2024-09-21T07:03:34.996Z","answers":{"answer":"### Introduction\nCybercrime refers to criminal activities that involve computers or networks, where the computer is either a target or a tool for committing the crime. In India, cybercrime is primarily governed by the Information Technology Act, 2000, along with provisions from the Indian Penal Code, 1860. This legal framework addresses various offenses related to computer systems, data, and online activities.\n\n### Detailed Explanation\nThe legal framework for cybercrime in India primarily consists of:\n\n1. **Information Technology Act, 2000**:\n   - This Act was enacted to provide legal recognition for electronic transactions and to facilitate e-commerce. It also addresses cybercrimes and electronic governance.\n   - **Key Provisions**:\n     - **Section 43**: Penalties for damage to computer systems, including unauthorized access and data theft, with damages not exceeding one crore rupees.\n     - **Section 65**: Tampering with computer source documents, which involves concealing or altering computer source code.\n     - **Section 66**: Hacking, which includes destroying, deleting, or altering information in a computer resource with the intent to cause wrongful loss or damage.\n     - **Section 67**: Publishing obscene material in electronic form, which can lead to imprisonment and fines.\n     - **Section 66C**: Identity theft, which criminalizes the use of someone else's identifying information for fraudulent purposes.\n     - **Section 66F**: Cyber terrorism, which involves acts that threaten the unity, integrity, security, or sovereignty of India through cyberspace [1][5][9].\n\n2. **Indian Penal Code, 1860**:\n   - Certain offenses related to cybercrime are also covered under the Indian Penal Code, such as fraud, forgery, and defamation, which can occur in the digital realm.\n\n3. **Information Technology (Amendment) Act, 2008**:\n   - This Amendment Act introduced new offenses and enhanced penalties for existing ones, addressing the growing concerns of cybercrime.\n   - It expanded the scope of the IT Act to include issues like data theft, identity theft, and cyber terrorism, and it aimed to fill gaps left by the original legislation [3][4][6].\n\n### Key Points\n- **Types of Cyber Crimes**:\n  - **Data Theft**: Unauthorized access and extraction of data from computer systems.\n  - **Hacking**: Illegally accessing and manipulating computer systems.\n  - **Identity Theft**: Fraudulently using someone else's identity for personal gain.\n  - **Cyber Terrorism**: Using the internet to conduct terrorist activities.\n  - **Publishing Obscene Material**: Distributing sexually explicit content online [5][6][9].\n\n- **Penalties**:\n  - Penalties for cybercrimes vary depending on the severity of the offense, ranging from fines to imprisonment for several years, depending on the specific section of the law violated [5][6].\n\n### Conclusion\nThe legal framework governing cybercrime in India is comprehensive, encompassing various offenses and providing for stringent penalties. The Information Technology Act, 2000, along with its amendments, plays a crucial role in addressing the challenges posed by cybercrime, ensuring that individuals and organizations are protected in the digital space. Understanding these laws is essential for navigating the complexities of cyber activities and ensuring compliance with legal standards.","createdAt":"2024-09-21T07:03:50.009Z"},"sources":[{"sourceId":"fb1091","content":"3 Myers v. DPP, [1965] A.C. 1001 (C.A.) (U.K). 2010] PROF. ASHWANI KUMAR BANSAL 157 2008. IT (Amendment) Act of 2008 received the assent of the President of India in February 2009 and then was brought into force on 27 October, 2009. The book covers all the important changes introduced by the IT (Amendment Act) of 2008. The book also incorporates several important provisions of the Communication Convergence Bill of 2001. The book is divided into two Parts. Part I deals with different aspects of cyber laws with discussions on various topics, controversies and poss ded into two Parts. Part I deals with different aspects of cyber laws with discussions on various topics, controversies and possible solutions. The book discusses several foreign statutes and provides citations using online sources in order to enaband possible solutions. The book discusses several foreign statutes and provides citations using online sources in order to enable easier access. Chapter I deals with the historical background of the IT Act and in 10 sections refers to the different provisions of the IT Act. It also includes a brief section on Electronic Funds Transfer. Chapter II introduces the basic concepts of Intellectual Property Rights and also discusses issues in relation to international organisations and important treaties. In Chapters I ctual Property Rights and also discusses issues in relation to international organisations and important treaties. In Chapters II] and IV, the author discusses computer software and copyright in an interesting fashion and introduces the idea of ‘Copyleft.’ He analyses the existing controversies in relation to computer software and patents and includes a concise discussion opyleft.’ He analyses the existing controversies in relation to computer software and patents and includes a concise discussion on the idea of ‘Invention.’ He also introduces the reader to the new field of business method patents. Chapter V discusses the system of protection in relation to trade secrets and reverse engineering and talks about the important issue of disassembling copyrighted protection in relation to trade secrets and reverse engineering and talks about the important issue of disassembling copyrighted software. Chapter VI may be an eye opener to those who have not come across the terms ‘open source code’ and ‘proprietary code’ and the myriad issues relating to the open document format. Chapter VII deals with font licenses and Justice Singh suggests that the Government of India should release fonts on a copyleft basis and grant the permission to use and modify the same tests that the Government of India should release fonts on a copyleft basis and grant the permission to use and modify the same through an open source code. Chapter VIII deals with IPR in cyber space and the legal problems faced by websites hosting illegal content n open source code. Chapter VIII deals with IPR in cyber space and the legal problems faced by websites hosting illegal content and internet service providers. Chapter IX deals with the protection of semiconductor topography as per the Semiconductor Integrated Circuit Layout-Design Act of 2000 and details the different advantages and disadvantages of the protection afforded under the Act. Chapter X deals with ecommerce and taxation in a nutshell. Chapter XI discusses the grey areas of privacy and ‘cyberslackers.’ Chapter XII deals with how information technology can help in case management, court management and self imprd ‘cyberslackers.’ Chapter XII deals with how information technology can help in case management, court management and self improvement slackers.’ Chapter XII deals with how information technology can help in case management, court management and self improvement and bring about major changes in the legal system. The conclusion of the entire discussion is stated in brief at the end. Part II provides useful and important legal instruments including Acts, rules, regulations, treaties, notifications, policies, guidelines, etc. These instruments are updated and so provide an invaluable resource for","createdAt":"2024-09-21T07:03:42.106Z","metaData":{"id":"c00e1c14669a8fa6f64ac143c15f9e4b","url":"https://www.ijlt.in/_files/ugd/066049_1d2821c149d948a3b2f7b237ff4547e7.pdf","type":"Journals","title":"Volume 6"}},{"sourceId":"f84665","content":"etc. to gain unauthorised access to user’s computer system and steal data to make profits. There is no clear definition of cyber law, computer law or Information and communication technology law. However the subject can be briefly defined as the legal subject that emanated from the development of technologies, the innovation of computers and other related devices, the use of internet and electronic data interchange, etc. Cyber law is a term that encapsulates the legal issues related to the use of communicative, transactional and distributive aspects of networked information devices and technologies. It is less a distinct field of law in the way that property or contracts are, as it is a domain covering many areas of law and regulation. Cyber law encompasses the legal, statutory and constitutional provisions that affect computer and computer networks. It concerns individuals, corporate bodies and institutions which 1. Are instrumental for the entry into cyberspace, 2. Provide access to cyberspace, 1. Are instrumental for the entry into cyberspace, 2. Provide access to cyberspace, 3. Create hardware and software which enable people to access cyberspace and, 4. Use their own computers to go “online” and enter cyberspace. It is a generic term which refers to all the legal and regulatory aspect of internet and World Wide Web. Anything concerned with or related to or emanating from any legal aspects or issues concerning any activity of citizens and others, in cyberspace comes within the ambit of cyber laws. There are currently two main Statures, which govern online criminal liability- the Indian Penal Code, 1860 and the Information Technology (IT) Act, 2000. The main objective of the Act is to regulate and control the affairs of cyber world in an effective manner. Chapter IX and XI of the Information Technology Act, 2000, deal with various cybercrimes. Information Technology Act 2000 India is the 12\" nation in enactment of cyber law with the passage of Information Technology Act, 2000. The United Nations Commission on International Trade Law (UNCITRAL) adopted the model law on electronic commerce in 1996 in order to bring uniformity in the law of different countries. The General Assembly of United Nations recommended that all States should give favourable considerations to this Model law when they enacted or revised their laws. The first draft of legislation was created by the Ministry of Commerce Government of India as E commerce Act 1998. A redraft of legislation was prepared as “Information Technology Bill 1999” which was placed before the Parliament in December 1999 and passed in May 2000. Aim and Objectives of the Act The Act provides legal recognition for transactions carried out by means of electronic data interchange and other means of electronic communication, commonly referred to as “electronic commerce’, which involves the use of alternatives paper based method of communication and storage of information, to facilitate electronic 368 FP-BE&L filling of documents with the Government agencies. The Act amended the Indian Penal Code 1860, the Indian Evidence Act 1872, the Bankers’ Books Evidence Act 1891, and the Reserve Bank of India Act 1934. The following are the objectives of the Act : 1. oOo oa + WwW To grant legal recognition for transactions carried out by means of electronic data interchange and other means of electronic communication commonly referred as e-commerce in place of paper based method of communication, . To give legal recognition to digital signature for authentication of any information or matter which requires authentication under any law, . To give legal recognition to digital signature for authentication of any information or matter which requires authentication under any law, . To facilitate electronic","createdAt":"2024-09-21T07:03:42.106Z","metaData":{"id":"c017ec1265df31c2f58326df34c55ba0","url":"https://www.icsi.edu/media/webmodules/BUSINESS%20ENVIRONMENT%20AND%20LAW.pdf","type":" ","title":"Paper-1: Business Environment and Law"}},{"sourceId":"3e3f79","content":"2004, Business Standard. Available at: hitp://www.business-standard.com/india/opinion/Individual. pbp? id-21daotal=19 d, 2004, Business Standard. Available at: hitp://www.business-standard.com/india/opinion/Individual. pbp? id-21daotal=197&pgno~Y (Last accessed on 4th October, 2009) 3 An Act to provide legal recogmtion for transacuons carried out by means of electronic data interchange and other means of electronic communication, commonly referred ta as “electronic commerce”, which nvolve the use of akernatives ta paper-based methods of communication and storage of information, to faciliate electronic filmh nvolve the use of akernatives ta paper-based methods of communication and storage of information, to faciliate electronic filmg of documents with the Government agencies and further to amend the Indian Penal Code, the Indian Evidence Act, 1872, the Ba of documents with the Government agencies and further to amend the Indian Penal Code, the Indian Evidence Act, 1872, the Bankers’ Books Evidence Act, 189] and the Reserve Bank of India Act 1994 and for matters connected therewtth or incidental thereto... AND WHEREAS tt |s consiclered necessary lo give effect to the said resolution and to promote efficient delivery of Gaverament services by ‘means of reliable electronic records..”- Preamble, Information Technology Act, 2000. 160 The Information Technology (Amendment) Act, 2008: The Provenance of E-Policing legislation does not define cyber crimes and henceormation Technology (Amendment) Act, 2008: The Provenance of E-Policing legislation does not define cyber crimes and hence co mation Technology (Amendment) Act, 2008: The Provenance of E-Policing legislation does not define cyber crimes and hence could not be used for tackling issues such as cyberstalking and bullying Cases such as that of Avinash Bajaj v. State,> in which the Act was used to charge the Managing Director of a popular website with personal liability for a third party's advertisement on the website which contained sexually explicit material, sparked off a massive debate regarding the inadequate procedures in the Act and even led to a citizen petition being signed demanding the clarification in the law.“ The practical difficulties in applying the ‘Act was also realised by the Supreme Court in Stale of Punjab . Amritsar Beverages Limited,’ which observed that evpp lying the ‘Act was also realised by the Supreme Court in Stale of Punjab . Amritsar Beverages Limited,’ which observed that evpplying the ‘Act was also realised by the Supreme Court in Stale of Punjab . Amritsar Beverages Limited,’ which observed that even though several amendments have been made to the Act, it still does not deal with all the problems which are faced by the officers enforcing the said Act such as statutory liabilities, Jack of scientific expertise and lack of sufficient insight in dealing with the intemnet® All of the aforementioned reasons necessitated a change in the existing cyber law, thus the Information Technology (Amendment) Act, 2008° was passed in order to fill in the gaps left by the prior law. However it is worth asking whet nology (Amendment) Act, 2008° was passed in order to fill in the gaps left by the prior law. However it is worth asking whether this Act was really the solution to the problems created by the previous legislation, or instead is merely a new problem cether this Act was really the solution to the problems created by the previous legislation, or instead is merely a new","createdAt":"2024-09-21T07:03:42.106Z","metaData":{"id":"c0001c14669a8ebcfa2e9112a4b2cd51","url":"https://nslr.in/wp-content/uploads/2019/04/NSLR-Vol-5-No-10.pdf","type":"Journals","title":"The Information Technology (Amendment) Act, 2008: The Provenance of E-Policing"}},{"sourceId":"d6fe61","content":"The Bill was passed by the Rajya Sabha on December 23, 2008, and received Presidential assent in early 2009. However, even after this, the Act did notSabha on December 23, 2008, and received Presidential assent in early 2009. However, even after this, the Act did not come into forc ber 23, 2008, and received Presidential assent in early 2009. However, even after this, the Act did not come into force until October 26, 2009, when it was notified by the Central Government.’ The Act though passed in such a rush did not come into effect until a year later. This time could have been used to discuss the Bill and address the various problems with it. This essay looks at the new offences introduced by the Amendment Act as a legislative response to the increasing threat of cyber crime in India today, and analyses these offences in light of similar provisions in other jurisdictions. The essay first looks at the jurisprudential basis for criminalisation of activities over the internet. In this section, the essay lookay first looks at the jurisprudential basis for criminalisation of activities over the internet. In this section, the essay lookay first looks at the jurisprudential basis for criminalisation of activities over the internet. In this section, the essay looks at self-regulation as an adequate means of policing the internet and whether government intervention and criminalisation of cyberspace activities is necessary. The section concludes with a brief framework which is used in the analysis of the provisions in the rest of the essay. Various new offences introduced by the Act have then been studied section-wise, using the framework as explained in the first section. The scope of this essay is thus limited to the new crimes introduced by the amendment and determining the adeq he first section. The scope of this essay is thus limited to the new crimes introduced by the amendment and determining the adequacy of the legislative response to the growing need ' Pavan Duggal, IT Act Amendments - Perspectives by Mr. Pavaining the adequacy of the legislative response to the growing need ' Pavan Duggal, IT Act Amendments - Perspectives by Mr. Pavan Duggal, Cyser-aws.Ner, hetp:/] www.cyberlaws.net/new/pd_on_ITAmendments.php (last visited Jan. 23, 2010). 2 Karen M. Sanaro & Christyne Ferri, India’s New Information Technology Law Impacts Outsourcing Transactions, St.BGa., June, 2009, htrp://www.technologybar.org/2009/06 indias-new-information- technology-law-impacts-outsourcing-transactions/ (last visited Jan. 23, 20 ogybar.org/2009/06 indias-new-information- technology-law-impacts-outsourcing-transactions/ (last visited Jan. 23, 2010). Press Release, Ministry of Communications & Information Technology (October 27, 2009), Pip.Nic.n, http://pib.nic.in/release/release.asp?relid=53617 (last visited Jan. 23,2010). 2011] AMLAN MOHANTY 105 for a lttp://pib.nic.in/release/release.asp?relid=53617 (last visited Jan. 23,2010). 2011] AMLAN MOHANTY 105 for a legislation that brings within its fold emerging forms of cyber crime. The essay concludes by looking at the various problems that the Amendment Act poses in light of bad drafting and lack of understanding in this area. Il. REGULATION OF CYBERSPACE A. Need for regulatio t Act poses in","createdAt":"2024-09-21T07:03:42.106Z","metaData":{"id":"c0080c14669a8fa7f64ac143c15f9e5c","url":"https://www.ijlt.in/_files/ugd/066049_ada8f9e5ebdd42b4baca008f142e2a96.pdf","type":"Journals","title":"Volume 7"}},{"sourceId":"dd08a7","content":"Cybercrimes are discussed below. Section 43 penalty for damage to computer, computer system etc. Liable to pay damages If any person without permission of the owner or any other person who is in | DY Way of compensation charge of a computer, computer system or computer network- not exceeding one crore rupees to the person (a) accesses or secures access to such computer, computer system or computer | affected. network, (b) downloads, copies or extracts any data, computer data base or information from such computer, computer system or computer network including information or data held or stored in any removable storage medium introduces or causes to be introduced any computer contaminant or computer virus into any computer, computer system or computer network, damages or causes to be damaged any computer, computer system or computer network, data, computer data base or any other programmes residing in such computer, computer system or computer network, damages or causes to be damaged any computer, computer system or computer network, data, computer data base or any other programmes residing in such computer, computer system or computer network, disrupts or causes disruption of any computer, computer system or computer network, denies or causes the denial of access to any person authorised to access any computer, computer system or computer network by any means provides any assistance to any person to facilitate access to a computer, computer system or computer network in contravention of the provisions of this Act, rules or regulations made thereunder, charges the services availed of by a person to the account of another person by tampering with or manipulating any computer, computer system or computer network 378 FP-BE&L Section 65 Tampering with computer source documents Whoever knowingly or intentionally conceals, destroys or alters or intentionally or knowingly causes another to conceal, destroy or alter any computer source code used for a computer, computer programme, computer system or computer network, when the computer source code is required to be kept or maintained by law. Section 66 Hacking of Computer system Whoever with the intent to cause or knowing that he is likely to cause wrongful loss or damage to the public or any person destroys or deletes or alters any information residing in a computer resource or diminishes its value or utility or affects it injuriously by any means, commits Hacking Section 67 Publishing of information which is obscene in electronic form Whoever publishes or transmits or causes to be published in the electronic form, any material which is lascivious or appeals to the prurient interest or if its effect is such as to tend to deprave and corrupt persons who are likely, having regard to all relevant circumstances, to read, see or hear the matter contained or embodied in it, shall be punished Section 74 Publication for fraudulent purpose Whoever knowingly creates, publishes or otherwise makes available a digital signature certificate for any fraudulent or unlawful purpose shall be punished Punished with imprisonment upto three years, or with fine which may extend up to two lakh rupees or with both Punished with imprisonment up to three years or with fine which may extend up to two lakh or with both First conviction- with imprisonment of either description for a term which may extend to 5 years and with a fine which may extend to one lakh Subsequent conviction- with imprisonment of either description for a term which may extend to 10 years and with a fine which may extend to two lakh. Imprisonment which may extend to two years or fine which may extend to one lakh rupees, or with both Imprisonment which may extend to two years or fine which may extend to one lakh rupees, or with both Additionally Section 45 provides for residuary penalty for those contraventions that are not separately mentioned in the","createdAt":"2024-09-21T07:03:42.106Z","metaData":{"id":"c0189c1265df31c2f58326df34c55ba0","url":"https://www.icsi.edu/media/webmodules/BUSINESS%20ENVIRONMENT%20AND%20LAW.pdf","type":" ","title":"Paper-1: Business Environment and Law"}},{"sourceId":"1b8449","content":"offences to be criminalised An analysis of the new crimes introduced by the IT (Amendment) Act on the touchstone of cyberspace conduct sought to be criminalised by statutes and conventions around the world would help in determining the suitability and stringency of the new sections in the Indian scenario. There are essentially four main types of cond mining the suitability and stringency of the new sections in the Indian scenario. There are essentially four main types of conduct that a domestic legislation should penalise - (1) offences against the confidentiality, integrity and availability of computer data and systems, (2) computer-related offences with the intention to defraud, (3) content related offences, and (4) offences related to infringements of copyright and related rights.'* In order to acquire a jurisprudential understces, and (4) offences related to infringements of copyright and related rights.'* In order to acquire a jurisprudential understanding of cyber crimes in general, and to gain a critical insight into the nature of offences introduced by the amendment and whether they serve t imes in general, and to gain a critical insight into the nature of offences introduced by the amendment and whether they serve the function expected of them, it is important to comprehend why these particular forms of conduct are criminalised across jurisdictions. Further, it is also essential to understand the range of unlawful conduct that involves computers. With Robert Shaw, Should the Intemet be Regulated, 2(4) Ito INstituTe FoR ECONOMIC RESEARCH AT THE University of Munici 42 (October, 2000), http://www. ifo.de/DocCIDL/Forum401-pc pdf (last visited December 14, 2009). MacConett INTERNATIONActober, 2000), http://www. ifo.de/DocCIDL/Forum401-pc pdf (last visited December 14, 2009). MacConett INTERNATIONAL, CYBER CRIME... http://www. ifo.de/DocCIDL/Forum401-pc pdf (last visited December 14, 2009). MacConett INTERNATIONAL, CYBER CRIME... AND PUNISHMENT? ARCHAIC Laws THREATEN GLOBAL InrorMaTion, (World Information Technology and Services Alliance, 2000), http://www.witsa.org/ papers/McConnell-cybercrime.pdf (last visited December 1, 2009), 3 David S. Wall, Cybercrimes: New Wine, No Bottles?, in INvisisLe Crimes: THEIR VICTIMS AND THEIR, REGULATION ( Pam Davies, Peter Francis &Victor Jupp eds.,1999). '4 European Convention on Cybercrime, Guidelines for member states, 2001, http:// conventions.coe.int/Treaty/EN/Treaties/Html/185.htm (last visited December 12, 2009). 108 THE INDIAN JOURNAL OF LAW AND TECHNOLOGY [Vol. 7aty/EN/Treaties/Ht ml/185.htm (last visited December 12, 2009). 108 THE INDIAN JOURNAL OF LAW AND TECHNOLOGY [Vol. 7aty/EN/Treaties/Html/185.htm (last visited December 12, 2009). 108 THE INDIAN JOURNAL OF LAW AND TECHNOLOGY [Vol. 7 the first, second and fourth type of conduct, private individuals may not be able to detect and proceed against the perpetrators and it therefore falls upon the State to intervene and impose criminal sanctions. It is necessary to criminalise acts falling within the third category as they are offences that shock the conscience of society and threaten public morality. IIL. NEW CRIMES UNDER","createdAt":"2024-09-21T07:03:42.106Z","metaData":{"id":"c0084c14669a8fa7f64ac143c15f9e5c","url":"https://www.ijlt.in/_files/ugd/066049_ada8f9e5ebdd42b4baca008f142e2a96.pdf","type":"Journals","title":"Volume 7"}},{"sourceId":"6d9731","content":"centred on banishmcyber frauds, data theft, impersonation and cyber terrorism.’ The typical self-regulation punishment model is centred on banishment from the grou a theft, impersonation and cyber terrorism.’ The typical self-regulation punishment model is centred on banishment from the group,\"° a procedure for social control that appears lenient and lacking in deterrence value as opposed to criminal sanctions imposed by the State to deter any destructive or anti-social conduct in cyberspace. It appears 6 — David R. Johnson & David Post, Law and Borders: The Rise of Law in Cyberspace, 48 (5) STAN. L. Rev. 1367 (May, 1996). 7 Jason Kay, Sexuality, Live Without A Net: Regulating Obscenity And Indecency On The Global Network, 4CAL. INTERDISCIPLINARY 1... 355 (1995). 8 Keith]. Epstein & Bill Tancer, Enforcement of Use Limitations By Internet Services Providers: How To Stop That Ha1995). 8 Ke ith]. Epstein & Bill Tancer, Enforcement of Use Limitations By Internet Services Providers: How To Stop That Ha1995). 8 Keith]. Epstein & Bill Tancer, Enforcement of Use Limitations By Internet Services Providers: How To Stop That Hacker, Cracker, Spammer, Spoofer, Flamer, Bomber, 9 Hastincs Comm. & Ent. 1... 661- 664 (1997). १... §.V. Joca Rao, Law oF CyBER CRIMES AND INFORMATION TECHNOLOGY Law 10 (2004). Based on terms and conditions of access and use, imposed by service providers, commonly referred to as ‘netiquette’. 2011] AMLAN MOHANTY 107 that the stream of anti-governmentalism has been laid to rest in view of the fact that the internet has quite simply become too mainstream, and being the preferred platform for elec to rest in view of the fact that the internet has quite simply become too mainstream, and being the preferred platform for electronic commerce, the need for governmental regulation cannot be ignored.!! Perhaps the greatest argument in favplatform for electronic commerce, the need for governmental regulation cannot be ignored.!! Perhaps the greatest argument in favour of criminalising unlawful conduct on the internet is its distinctiveness from territorial crime. The very fact that cyber crimes are easier to learn how to commit, require fewer resources relative to the potential damage caused, can be committed in a jurisdiction without being physically present in it and the fact that they are often not clearly illegal’? make criminalisation of such conduct no ut being physically present in it and the fact that they are often not clearly illegal’? make criminalisation of such conduct not only important, but essential. The conclusion that must be reached is that the State must step in with some level of regulation of cyberspace.\" C. Types of offences to be criminalised An analysis of the new crimes introduced by the ITevel of regulation of cyberspace.\" C. Types of offences to be criminalised An analysis of the new crimes introduced by the IT (Amendment) Act on the touchstone of cyberspace conduct sought to be criminalised by statutes and conventions around the world would help in determining the suitability and stringency of the new sections in the Indian scenario. There are essentially four main types of cond mining the suitability and stringency of the new sections in the Indian scenario. There are essentially four main types of conduct that a domestic legislation should penalise - (1) offences against the confidentiality, integrity and availability of computer data and systems, (2) computer-related offences with the intention to defraud,","createdAt":"2024-09-21T07:03:42.106Z","metaData":{"id":"c0083c14669a8fa7f64ac143c15f9e5c","url":"https://www.ijlt.in/_files/ugd/066049_ada8f9e5ebdd42b4baca008f142e2a96.pdf","type":"Journals","title":"Volume 7"}},{"sourceId":"1f2b6a","content":"6 © Cyber Forensics 121 and 66E of Information Technology Act, 2000) followed by 10.5% (758 cases out of 7,201 cases) related to publication/transmission of obscene/sexually explicit content (under section 67A, 67B and 67C of IT Act). In the year 2017, 21,796 cyber crime cases were reported. Along with it, the global spam rate, malware rate and phishing rate is increasing rapidly and there is a potential impact of cyber crimes on the economy, consumer trust and production time. The counter measures in the form of GPRS Security Architecture, Intrusion Detection and Prevention System and Agent Based Distributed Intrusion Detection Systems have thus been employed for security purposes. Considering the significant increase in number of Cyber Crimes reported these days, it becomes important and imperative to enquire as to meaning of the term Cyber Crime, the kinds of Cyber Crimes, their impacts and effects on the society at large, the laws dealing with cyber crimes in India and the deterrent effect of law on cyber crimes in India. Therefore, this lesson deals with (a) the meaning and variants of cyber crimes like Salami Attack, Packet Sniffing, Tempest Attacks, and Bot Networks; (b) the real world cyber crime cases, their scenario as well as the modus operandi employed for commission of such crimes. It also focuses on the legal regime on the subject of cyber crimes in India and its strong analysis leading to the viable recommendations towards effective legal protection against cyber crimes in India. Cyber Crime : Meaning and Definition Crime is not per se a legal term. It derives its meaning and has a connotation in the background of a society and the State as such. Thus, it defies an attempt to lay down a strait jacket definition with clearly defined boundaries. However, usually it is put synonymous to something which is “a wrong”, “an offence”, “a misdemeanour’” or “a felony”. Crime is both a social and an economic phenomenon. It is as old and historical as the human society itself. Many ancient books, right from the pre-historic days, and mythological stories have spoken about crimes being committed by individuals; be it committed against an individual like ordinary theft and burglary or against the nation at large like the crimes of spying, treason, etc. Kautilya’s Arthashastra, a document written around in the 350 BC is considered to be one of the most authentic administrative treatises in India which discusses the various crimes committed in the society, security initiatives to be taken by the rulers to curb them, possible crimes in a State, efc. It also advocates awarding different punishments for different offences listed therein. Further, the concept of restoration of loss to the victims has also been discussed in it. Chanakya in his theory of probable crime, has discussed as to how with the changes in society, different crimes emerge. To illustrate the weak position of women in the society it lays down that the crimes against women will increase in the society; with the strong position of a specific sector, the abuse of power will result in commission of crimes associated with the power-play. Certainly, the advent of Information and Communication Technology has lead to the emergence of a new kind of crime called the Cyber Crime. Certainly, the advent of Information and Communication Technology has lead to the emergence of a new kind of crime called the Cyber Crime. In a cyber-crime, the computer or the data itself is either a target or the object of an offence or a tool employed in committing some offence, and thus providing the necessary inputs for that offence. All such acts of crime come under the broad definition of the term Cyber Crime.","createdAt":"2024-09-21T07:03:42.106Z","metaData":{"id":"c0080c1265df31c8f58326df34c55bcd","url":"https://www.icsi.edu/media/webmodules/ForensicAudit_120820.pdf","type":" ","title":"Paper-9.4: Forensic Audit"}},{"sourceId":"540b48","content":"to be stolen property, shall be punished with imprisonment of either description for a term which may extend to three years, or with fine, or with both. Section 2(1)(k), INFORMATION TECHNOLOGY AcT, 2000: “computer resource” means computer, computer system, computer network, data, computer data base or software. 2011] AMLAN MOHANTY 111 the simeans computer, computer system, computer network, data, computer data base or software. 2011] AMLAN MOHANTY 111 the significant implication being that an electronic document, CD or text message containing stolen information may be brought within the umbrella of ‘comp being that an electronic document, CD or text message containing stolen information may be brought within the umbrella of ‘computer resource’. In terms of technological significance, this can be extended to include theft of digital signals of TV transmissions.” Interestingly and more importantly, one finds that this section is in consonance with the statements of objects and reasons of the IT Act, 2000 and ITAA, 2008 as it stresses on the need to protect e-commerce and e-transactions involving informational exchange and electronic data exchange.** With the introduction of S.66B, and the criminalisatiactions involving informational exchange and electronic data exchange.** With the introduction of S.66B, and the criminalisation of stolen informat ormational exchange and electronic data exchange.** With the introduction of S.66B, and the criminalisation of stolen information transmission and retention, there is a crucial deterrent factor attached to illegitimate or illegal data exchanges which is the primary focus of the IT Act itself. The immediate focus of the Amendment Act, inter alia, is the prevention of cyber and computer crimes and utilising the framework laid down previously in this paper and the identification of unlawful cyberspace conduct, it is also known that offences against the availability of computer data and systems (including the ‘misuse of devices’ with respect to sale, procurement, import and distribution) must be criminalised” and the section succeeds in douse of devices’ with respect to sale, procurement, import and distribution) must be criminalised” and the section succeeds in douse of devices’ with respect to sale, procurement, import and distribution) must be criminalised” and the section succeeds in doing so. iti) Identity Theft and Impersonation (S. 66C and S. 66D) An examination of identity theft protection laws for internet users indicates that the harm sought to be prevented is not radically different from the territorial crime of the same nature. The basic nature of the crime involves the use of identifying information of someone to represent oneself as the individual for fraudulent purposes, essentially, the wrongful appropriation of one’s identity by another. While familiar traditional crimes of identity theft w ses, essentially, the wrongful appropriation of one’s identity by another. While familiar traditional crimes of identity theft would include forgeries featuring credit cards, thefts and making of false statements, online Naavi, Informs of identity theft would include forgeries featuring credit cards, thefts and making of false statements, online Naavi, Information Technology Act 2000 Amendment Details unveiled, NAAVILORG PORTAL ON INDIAN Cyper Law (December, 2008), http://www-naavi.org/cleditorial08/editdec2 Sitaaanalysis| htm (last visited December 12, 2009). Statement of Objects and Reasons of the Information Technology Act, 2000, available at http:// naavi.orglita2008/objects2008.htm and Statement of Objects and Reasons of echnology Act, 2000, available at http:// naavi.orglita2008/objects2008.htm and","createdAt":"2024-09-21T07:03:42.106Z","metaData":{"id":"c0089c14669a8fa7f64ac143c15f9e5c","url":"https://www.ijlt.in/_files/ugd/066049_ada8f9e5ebdd42b4baca008f142e2a96.pdf","type":"Journals","title":"Volume 7"}},{"sourceId":"9576d2","content":"may divert our attention to similar criminal legislations, which do include ‘observation’ within the section, such the Sexual Offences Act, 2003 of the United Kingdom* and the Canada Criminal Code.* It is also relevant to note that these statutes include viewing of ‘private acts’ besides ‘private areas’ of persons, which has been ignored in the Amendment Act. Finally, the observation that may be made, taking into account cyberlaw jurisprudence and the nature of acts that the IT Act seeks to criminalise, is that viewing of such images or videos tt cyberlaw jurisprudence and the nature of acts that the IT Act seeks to criminalise, is that viewing of such images or videos through online streaming on nd the nature of acts that the IT Act seeks to criminalise, is that viewing of such images or videos through online streaming ona website such as YouTube or downloading and viewing on a communication device or computer resource as defined under the Act should also have been specified as illegal within this particular section. 2 Id. One of the main circumstances for the introduction of this provision was the DPS MMS scandal. The scandal involved a video clip featuring two students from Delhi Public School, one of whom recorded the video on his cellphone, distributed it to his friends, which was further forward to the others, eventually finding its way on to the internet and being listed for sale online. The episode resulted in crirward to the others, event ually finding its way on to the internet and being listed for sale online. The episode resulted in crirward to the others, eventually finding its way on to the internet and being listed for sale online. The episode resulted in criminal proceedings being launched against the CEO of Baazee.com. See Avnish Bajaj v. State, 2008 150 D.L.T. 769. 44 MINisTRY OF INFORMATION TECHNOLOGY, REPORT OF THE STANDING Comittee (2006), TF 3 and 6, available at http://www.naavi.org/cleditorial07/standingCommitteereportita2006.pdf (last visited December 16, 2009). 2011] AMLAN MOHANTY 115 (v) Cyber Terrorism (S.66F) Perhaps the most contentious issue in relation to the Amendment Act is that of cyber terrorism, which is essentially the co F) Perhaps the most contentious issue in relation to the Amendment Act is that of cyber terrorism, which is essentially the convergence of terrorism and cyberspace.*’ Terrorism, by itself is not a new phenomenon, but with the dehich is essentially the convergence of terrorism and cyberspace.*’ Terrorism, by itself is not a new phenomenon, but with the development of modern technologies, the creation of laws specifically dealing with the same or related acts, conducted through the medium of cyberspace, was imminent. An analysis of this section can be fractioned into the first and second clause, the subject matter of each being considerably dissimilar with their own particular complications. The section is comprehensive in that sub-clause (A) first enumerate iderably dissimilar with their own particular complications. The section is comprehensive in that sub-clause (A) first enumerates the methods by which the act is committed, the wrongful conduct, as it were,** and then proceeds to describe the potential damage that may be caused by such acts. However, in the portion describing the likely damage, the definidescribe the potential damage that may be caused by such acts. However, in the portion describing the likely damage, the definition is restricted to cases linked to destruction of property or death of individuals. While the clause also speaks of damage to essential supplies and critical information infrastructure, there is no mention of damage to private property. Using the generally","createdAt":"2024-09-21T07:03:42.106Z","metaData":{"id":"c008ec14669a8fa7f64ac143c15f9e5c","url":"https://www.ijlt.in/_files/ugd/066049_ada8f9e5ebdd42b4baca008f142e2a96.pdf","type":"Journals","title":"Volume 7"}}]}}}
{"level":30,"time":1732799608343,"pid":30320,"hostname":"TechieVivek","description":"Fails when `chatId` is invalid","state":"PASS","result":{"status":false,"message":"Error: Chat not found"}}
{"level":30,"time":1732799608613,"pid":30320,"hostname":"TechieVivek","description":"Fails when `questionId` is invalid","state":"PASS","result":{"status":true,"message":"Answers and sources"}}
{"level":30,"time":1732799608691,"pid":30320,"hostname":"TechieVivek","description":"Successfully submits a feature request","state":"PASS","result":{"status":true,"message":"Feature request submitted"}}
{"level":30,"time":1732799608696,"pid":30320,"hostname":"TechieVivek","description":"Fails when `title` is missing","state":"PASS","result":{"errors":{"body.title":"Title is required"}}}
{"level":30,"time":1732799608700,"pid":30320,"hostname":"TechieVivek","description":"Fails when `description` is missing","state":"PASS","result":{"errors":{"body.description":"Description is required"}}}
{"level":30,"time":1732799608704,"pid":30320,"hostname":"TechieVivek","description":"Fails with an invalid `impact` value","state":"PASS","result":{"errors":{"body.impact":"Invalid enum value. Expected 'Minor Improvement' | 'Moderate Impact' | 'Major Enhancement', received 'Urgent Impact'"}}}
{"level":30,"time":1732799608708,"pid":30320,"hostname":"TechieVivek","description":"Fails with an invalid `priority` value","state":"PASS","result":{"errors":{"body.priority":"Invalid enum value. Expected 'Low' | 'Medium' | 'High', received 'Urgent'"}}}
{"level":30,"time":1732799608714,"pid":30320,"hostname":"TechieVivek","description":"Fails with an invalid email format","state":"PASS","result":{"errors":{"body.email":"Invalid email address"}}}
{"level":30,"time":1732799608790,"pid":30320,"hostname":"TechieVivek","description":"Successfully submits a contact request","state":"PASS","result":{"status":true,"message":"Support request submitted","data":[{"message":"I need help with my account."}]}}
{"level":30,"time":1732799608795,"pid":30320,"hostname":"TechieVivek","description":"Fails when `name` is missing","state":"PASS","result":{"errors":{"body.name":"Name is required"}}}
{"level":30,"time":1732799608800,"pid":30320,"hostname":"TechieVivek","description":"Fails when `number` is missing","state":"PASS","result":{"errors":{"body.number":"Number is required"}}}
{"level":30,"time":1732799608804,"pid":30320,"hostname":"TechieVivek","description":"Fails when `email` is missing","state":"PASS","result":{"errors":{"body.email":"Email is required"}}}
{"level":30,"time":1732799608814,"pid":30320,"hostname":"TechieVivek","description":"Fails with an invalid `email` format","state":"PASS","result":{"errors":{"body.email":"Invalid email address"}}}
{"level":30,"time":1732799608819,"pid":30320,"hostname":"TechieVivek","description":"Fails with extra fields in the request body","state":"PASS","result":{"errors":{"body":"Unrecognized key(s) in object: 'extraField'"}}}
